I'm sorry, but errors were detected in your script. Please correct the
errors listed below, and try again.


File "game/script.rpy", line 16: expected 'image_name_component' not found.
    scene "bang.jpg" with fade
          ^

Ren'Py Version: Ren'Py 7.4.10.2178
Sun Nov 21 17:18:06 2021
